#-----------------------------------------------------------
# Vivado v2013.3 (64-bit)
# SW Build 329390 on Wed Oct 16 18:37:02 MDT 2013
# IP Build 192953 on Wed Oct 16 08:44:02 MDT 2013
# Start of session at: Fri Mar 28 13:42:54 2014
# Process ID: 5788
# Log file: C:/Users/byim/Documents/ENSC_452/MILESTONE_6/mainGame/vivado.log
# Journal file: C:/Users/byim/Documents/ENSC_452/MILESTONE_6/mainGame\vivado.jou
#-----------------------------------------------------------
start_gui
open_project {C:\Users\byim\Documents\ENSC_452\MILESTONE_6\mainGame\mainGame.xpr}
reset_run impl_1 -prev_step 
launch_runs impl_1 -to_step write_bitstream
wait_on_run impl_1
reset_run synth_1
launch_runs synth_1
wait_on_run synth_1
launch_runs impl_1
wait_on_run impl_1
open_run impl_1
open_bd_design {C:/Users/byim/Documents/ENSC_452/MILESTONE_6/mainGame/mainGame.srcs/sources_1/bd/system/system.bd}
launch_runs impl_1 -to_step write_bitstream
wait_on_run impl_1
open_bd_design {C:/Users/byim/Documents/ENSC_452/MILESTONE_6/mainGame/mainGame.srcs/sources_1/bd/system/system.bd}
