#-----------------------------------------------------------
# Vivado v2013.3 (64-bit)
# SW Build 329390 on Wed Oct 16 18:37:02 MDT 2013
# IP Build 192953 on Wed Oct 16 08:44:02 MDT 2013
# Start of session at: Thu Apr 03 13:49:20 2014
# Process ID: 5988
# Log file: C:/Users/byim/Documents/ENSC_452/Milestone2/rannum/managed_ip_project/vivado.log
# Journal file: C:/Users/byim/Documents/ENSC_452/Milestone2/rannum/managed_ip_project\vivado.jou
#-----------------------------------------------------------
start_gui
open_project {C:\Users\byim\Documents\ENSC_452\Milestone2\rannum\managed_ip_project\edit_randNum_v1_0.xpr}
ipx::open_core -upgrade true {C:/Users/byim/Documents/ENSC_452/Milestone2/rannum/managed_ip_project/randNum_1.0/component.xml}
ipx::save_core [ipx::current_core]
update_ip_catalog -rebuild -repo_path c:/Users/byim/Documents/ENSC_452/Milestone2/rannum/managed_ip_project/randNum_1.0
ipx::unload_core {xilinx.com:user:randNum:1.0}
ipx::open_core -upgrade true {C:/Users/byim/Documents/ENSC_452/Milestone2/rannum/managed_ip_project/randNum_1.0/component.xml}
ipx::save_core [ipx::current_core]
update_ip_catalog -rebuild -repo_path c:/Users/byim/Documents/ENSC_452/Milestone2/rannum/managed_ip_project/randNum_1.0
ipx::unload_core {xilinx.com:user:randNum:1.0}
save_project_as randNum2 C:/Users/byim/Documents/ENSC_452/Milestone2 -force
